---
source: pokemon-service/tests/metrics_test.rs
expression: metrics_output
---
{"_aws":{"CloudWatchMetrics":[{"Namespace":"Ns","Dimensions":[[]],"Metrics":[{"Name":"found"},{"Name":"outstanding_requests"},{"Name":"success"},{"Name":"client_error"},{"Name":"server_error"},{"Name":"operation_time","Unit":"Milliseconds"}]}],"Timestamp":"[timestamp]},"found":1,"outstanding_requests":1,"success":1,"client_error":0,"server_error":0,"operation_time":"[operation_time],"test_request_metric":"test request metric","test_response_metric":"test response metric","requested_pokemon_name":"pikachu","service":"PokemonService","service_version":"2024-03-18","operation":"GetPokemonSpecies","request_id":"[request_id],"http_status_code":"200"}
{"_aws":{"CloudWatchMetrics":[{"Namespace":"Ns","Dimensions":[[]],"Metrics":[{"Name":"authenticated"},{"Name":"outstanding_requests"},{"Name":"success"},{"Name":"client_error"},{"Name":"server_error"},{"Name":"operation_time","Unit":"Milliseconds"}]}],"Timestamp":"[timestamp]},"authenticated":0,"outstanding_requests":1,"success":0,"client_error":1,"server_error":0,"operation_time":"[operation_time],"test_request_metric":"test request metric","test_response_metric":"test response metric","user":"ash","service":"PokemonService","service_version":"2024-03-18","operation":"GetStorage","request_id":"[request_id],"http_status_code":"401"}
{"_aws":{"CloudWatchMetrics":[{"Namespace":"Ns","Dimensions":[[]],"Metrics":[{"Name":"supported_region"},{"Name":"outstanding_requests"},{"Name":"success"},{"Name":"client_error"},{"Name":"server_error"},{"Name":"operation_time","Unit":"Milliseconds"}]}],"Timestamp":"[timestamp]},"supported_region":0,"outstanding_requests":1,"success":0,"client_error":0,"server_error":1,"operation_time":"[operation_time],"test_request_metric":"test request metric","test_response_metric":"test response metric","requested_region":"trigger500","service":"PokemonService","service_version":"2024-03-18","operation":"CapturePokemon","request_id":"[request_id],"http_status_code":"500"}
